C51 COMPILER V9.60.7.0   TIMER0                                                            09/05/2025 18:27:49 PAGE 1   


C51 COMPILER V9.60.7.0, COMPILATION OF MODULE TIMER0
OBJECT MODULE PLACED IN .\Objects\Timer0.obj
COMPILER INVOKED BY: D:\keil5\C51\BIN\C51.EXE Timer0.c OPTIMIZE(8,SPEED) BROWSE DEBUG OBJECTEXTEND PRINT(.\Listings\Time
                    -r0.lst) OBJECT(.\Objects\Timer0.obj)

line level    source

   1          #include <REGX52.H>
   2          
   3          
   4          void Timer0_Init()
   5          {
   6   1              //定时器工作模式寄存器TMOD：
   7   1              TMOD = TMOD & 0xF0;//???? ???? & 1111 0000 = ???? 0000
   8   1              TMOD = TMOD | 0x01;//???? 0000 | 0000 0001 = ???? 0001
   9   1              //定时器控制寄存器TCON：
  10   1              //由于定时器0的GATE口置0，所以不用管IE0和IT0，原因看图
  11   1              TR0 = 1;
  12   1              TF0 = 0;
  13   1              //低8位寄存器赋初始值TL0：
  14   1              TL0 = 0xA4;
  15   1              //高8位寄存器赋初始值TH0:
  16   1              TH0 = 0xFF;
  17   1              //中断允许寄存器IE：
  18   1              ET0 = 1;
  19   1              EA = 1;
  20   1              //中断优先级控制寄存器低IP：
  21   1              PT0 = 0;
  22   1      }
  23          
  24          // 定时器0中断服务函数
  25          //void Timer0_Routine(void) interrupt 1
  26          //{
  27          //    TL0 = 0x66;  // 低8位初值
  28          //      TH0 = 0xFC;  // 高8位初值
  29          //    
  30          //}


MODULE INFORMATION:   STATIC OVERLAYABLE
   CODE SIZE        =     23    ----
   CONSTANT SIZE    =   ----    ----
   XDATA SIZE       =   ----    ----
   PDATA SIZE       =   ----    ----
   DATA SIZE        =   ----    ----
   IDATA SIZE       =   ----    ----
   BIT SIZE         =   ----    ----
END OF MODULE INFORMATION.


C51 COMPILATION COMPLETE.  0 WARNING(S),  0 ERROR(S)
