C51 COMPILER V9.60.7.0   MAIN                                                              08/27/2025 18:41:34 PAGE 1   


C51 COMPILER V9.60.7.0, COMPILATION OF MODULE MAIN
OBJECT MODULE PLACED IN .\Objects\main.obj
COMPILER INVOKED BY: D:\keil5\C51\BIN\C51.EXE main.c OPTIMIZE(8,SPEED) BROWSE DEBUG OBJECTEXTEND PRINT(.\Listings\main.l
                    -st) OBJECT(.\Objects\main.obj)

line level    source

   1          #include <REGX52.H>
   2          #include "MatrixKey.h"
   3          #include "LCD1602.h"
   4          #include "Delay.h"
   5          
   6          unsigned char KeyNum;//接收按键参数
   7          unsigned int PassWord;//密码参数
   8          unsigned int count;//按键次数参数
   9          unsigned int Bang;//锁定次数参数
  10          
  11          void main()
  12          {
  13   1              LCD_Init();//初始化LCD1602
  14   1              LCD_ShowString(1, 1, "Password:");//LCD默认展示
  15   1              LCD_ShowString(2, 1, "Status:");//LCD默认展示
  16   1              count = 0;//设置按键次数默认值
  17   1              Bang = 0;//设置锁定次数默认值
  18   1              
  19   1              while(1)
  20   1              {
  21   2                      KeyNum = MatrixKey();//接收扫描矩阵按键的函数返回值
  22   2                      
  23   2                      if(KeyNum)//如果按键有值进入
  24   2                      {
  25   3                              if(KeyNum <= 11)//设置按键在S1-S12
  26   3                              {
  27   4                                      if(KeyNum <= 10)//设置数字键在S1-S10
  28   4                                      {
  29   5                                              if(count < 4)//设置按键次数小于4次
  30   5                                              {
  31   6                                                      PassWord = PassWord * 10;//未定义的Password左移一位
  32   6                                                      PassWord = PassWord + (KeyNum % 10);//将密码数字加在PassWord后面（KeyNum%10可以将S10变
             -为0）
  33   6                                                      if(count == 3)//按键次数为3次时,直接判断密码正误
  34   6                                                      {
  35   7                                                              if(PassWord == 1234)//密码输入正确
  36   7                                                              {
  37   8                                                                      LCD_ShowString(2, 8, "OK!");//LCD显示OK！
  38   8                                                                      Bang = 0;//锁定清零
  39   8                                                              }
  40   7                                                              else//密码输入错误
  41   7                                                              {
  42   8                                                                      LCD_ShowString(2, 8, "NO!");//LCD显示NO！
  43   8                                                                      Bang++;//锁定次数加1
  44   8                                                              }
  45   7                                                      }
  46   6                                                      count++;//按键次数加1
  47   6                                              }
  48   5                                              
  49   5                                      }
  50   4                                      else if(KeyNum == 11)//设置清零键在S11
  51   4                                      {
  52   5                                              PassWord = 0;//清零后密码重置为0
  53   5                                              count = 0;//清零后按键次数重置为0
C51 COMPILER V9.60.7.0   MAIN                                                              08/27/2025 18:41:34 PAGE 2   

  54   5                                              LCD_ShowString(2, 8, "                 ");//LCD显示重置
  55   5                                      }
  56   4                                      LCD_ShowNum(1, 10, PassWord, 4);//展示输入的密码
  57   4                              }
  58   3                              
  59   3                      }
  60   2                      if(Bang >= 3)//如果错误次数大于3次,锁定屏幕进入无限循环
  61   2                      {
  62   3                              while(1)
  63   3                              {
  64   4                                      LCD_ShowString(1, 1, "BANG BANGBANG!!!");
  65   4                                      LCD_ShowString(2, 1, "BANG BANGBANG!!!");
  66   4                                      Delay(1000);
  67   4                                      LCD_ShowString(1, 1, "                ");
  68   4                                      LCD_ShowString(2, 1, "                ");
  69   4                                      Delay(1000);
  70   4                              }
  71   3                      }
  72   2              }
  73   1      }


MODULE INFORMATION:   STATIC OVERLAYABLE
   CODE SIZE        =    298    ----
   CONSTANT SIZE    =     78    ----
   XDATA SIZE       =   ----    ----
   PDATA SIZE       =   ----    ----
   DATA SIZE        =      7    ----
   IDATA SIZE       =   ----    ----
   BIT SIZE         =   ----    ----
END OF MODULE INFORMATION.


C51 COMPILATION COMPLETE.  0 WARNING(S),  0 ERROR(S)
